Command line invocation:
    /Applications/Xcode.app/Contents/Developer/usr/bin/xcodebuild build -project Seizcare.xcodeproj -scheme Seizcare -destination "platform=iOS Simulator,name=iPhone 17 Pro"

2026-03-11 16:15:03.965 xcodebuild[32656:5362155] [MT] IDERunDestination: Supported platforms for the buildables in the current scheme is empty.
ComputePackagePrebuildTargetDependencyGraph

Prepare packages

CreateBuildRequest

SendProjectDescription

CreateBuildOperation

ComputeTargetDependencyGraph
note: Building targets in dependency order
note: Target dependency graph (1 target)
    Target 'Seizcare' in project 'Seizcare' (no dependencies)

GatherProvisioningInputs

CreateBuildDescription

ExecuteExternalTool /Applications/Xcode.app/Contents/Developer/Toolchains/XcodeDefault.xctoolchain/usr/bin/clang -v -E -dM -isysroot /Applications/Xcode.app/Contents/Developer/Platforms/iPhoneSimulator.platform/Developer/SDKs/iPhoneSimulator26.2.sdk -x c -c /dev/null

ExecuteExternalTool /Applications/Xcode.app/Contents/Developer/usr/bin/ibtool --version --output-format xml1

ExecuteExternalTool /Applications/Xcode.app/Contents/Developer/usr/bin/actool --print-asset-tag-combinations --output-format xml1 /Users/jasmeengrewal/Library/Mobile Documents/com~apple~CloudDocs/Desktop/Program/untitled folder/Seizcare/Seizcare/Assets.xcassets

ExecuteExternalTool /Applications/Xcode.app/Contents/Developer/usr/bin/actool --version --output-format xml1

ExecuteExternalTool /Applications/Xcode.app/Contents/Developer/Toolchains/XcodeDefault.xctoolchain/usr/bin/swiftc --version

ExecuteExternalTool /Applications/Xcode.app/Contents/Developer/Toolchains/XcodeDefault.xctoolchain/usr/bin/ld -version_details

Build description signature: 54101cfef0f840120c8daa54f31c6c83
Build description path: /Users/jasmeengrewal/Library/Developer/Xcode/DerivedData/Seizcare-enmlyewallzphbhfkpfiwqviwkum/Build/Intermediates.noindex/XCBuildData/54101cfef0f840120c8daa54f31c6c83.xcbuilddata
ClangStatCache /Applications/Xcode.app/Contents/Developer/Toolchains/XcodeDefault.xctoolchain/usr/bin/clang-stat-cache /Applications/Xcode.app/Contents/Developer/Platforms/iPhoneSimulator.platform/Developer/SDKs/iPhoneSimulator26.2.sdk /Users/jasmeengrewal/Library/Developer/Xcode/DerivedData/SDKStatCaches.noindex/iphonesimulator26.2-23C53-7d00a8b37fbd7999ea79df8ebc024bf0.sdkstatcache
    cd /Users/jasmeengrewal/Library/Mobile\ Documents/com\~apple\~CloudDocs/Desktop/Program/untitled\ folder/Seizcare/Seizcare.xcodeproj
    /Applications/Xcode.app/Contents/Developer/Toolchains/XcodeDefault.xctoolchain/usr/bin/clang-stat-cache /Applications/Xcode.app/Contents/Developer/Platforms/iPhoneSimulator.platform/Developer/SDKs/iPhoneSimulator26.2.sdk -o /Users/jasmeengrewal/Library/Developer/Xcode/DerivedData/SDKStatCaches.noindex/iphonesimulator26.2-23C53-7d00a8b37fbd7999ea79df8ebc024bf0.sdkstatcache

CompileStoryboard /Users/jasmeengrewal/Library/Mobile\ Documents/com~apple~CloudDocs/Desktop/Program/untitled\ folder/Seizcare/Seizcare/Dashboard.storyboard (in target 'Seizcare' from project 'Seizcare')
    cd /Users/jasmeengrewal/Library/Mobile\ Documents/com\~apple\~CloudDocs/Desktop/Program/untitled\ folder/Seizcare
    /Applications/Xcode.app/Contents/Developer/usr/bin/ibtool --errors --warnings --notices --module Seizcare --output-partial-info-plist /Users/jasmeengrewal/Library/Developer/Xcode/DerivedData/Seizcare-enmlyewallzphbhfkpfiwqviwkum/Build/Intermediates.noindex/Seizcare.build/Debug-iphonesimulator/Seizcare.build/Dashboard-SBPartialInfo.plist --auto-activate-custom-fonts --target-device iphone --target-device ipad --minimum-deployment-target 26.0 --output-format human-readable-text /Users/jasmeengrewal/Library/Mobile\ Documents/com\~apple\~CloudDocs/Desktop/Program/untitled\ folder/Seizcare/Seizcare/Dashboard.storyboard --compilation-directory /Users/jasmeengrewal/Library/Developer/Xcode/DerivedData/Seizcare-enmlyewallzphbhfkpfiwqviwkum/Build/Intermediates.noindex/Seizcare.build/Debug-iphonesimulator/Seizcare.build

CompileStoryboard /Users/jasmeengrewal/Library/Mobile\ Documents/com~apple~CloudDocs/Desktop/Program/untitled\ folder/Seizcare/Seizcare/Language.storyboard (in target 'Seizcare' from project 'Seizcare')
    cd /Users/jasmeengrewal/Library/Mobile\ Documents/com\~apple\~CloudDocs/Desktop/Program/untitled\ folder/Seizcare
    /Applications/Xcode.app/Contents/Developer/usr/bin/ibtool --errors --warnings --notices --module Seizcare --output-partial-info-plist /Users/jasmeengrewal/Library/Developer/Xcode/DerivedData/Seizcare-enmlyewallzphbhfkpfiwqviwkum/Build/Intermediates.noindex/Seizcare.build/Debug-iphonesimulator/Seizcare.build/Language-SBPartialInfo.plist --auto-activate-custom-fonts --target-device iphone --target-device ipad --minimum-deployment-target 26.0 --output-format human-readable-text /Users/jasmeengrewal/Library/Mobile\ Documents/com\~apple\~CloudDocs/Desktop/Program/untitled\ folder/Seizcare/Seizcare/Language.storyboard --compilation-directory /Users/jasmeengrewal/Library/Developer/Xcode/DerivedData/Seizcare-enmlyewallzphbhfkpfiwqviwkum/Build/Intermediates.noindex/Seizcare.build/Debug-iphonesimulator/Seizcare.build

CompileStoryboard /Users/jasmeengrewal/Library/Mobile\ Documents/com~apple~CloudDocs/Desktop/Program/untitled\ folder/Seizcare/Seizcare/AlertHistory.storyboard (in target 'Seizcare' from project 'Seizcare')
    cd /Users/jasmeengrewal/Library/Mobile\ Documents/com\~apple\~CloudDocs/Desktop/Program/untitled\ folder/Seizcare
    /Applications/Xcode.app/Contents/Developer/usr/bin/ibtool --errors --warnings --notices --module Seizcare --output-partial-info-plist /Users/jasmeengrewal/Library/Developer/Xcode/DerivedData/Seizcare-enmlyewallzphbhfkpfiwqviwkum/Build/Intermediates.noindex/Seizcare.build/Debug-iphonesimulator/Seizcare.build/AlertHistory-SBPartialInfo.plist --auto-activate-custom-fonts --target-device iphone --target-device ipad --minimum-deployment-target 26.0 --output-format human-readable-text /Users/jasmeengrewal/Library/Mobile\ Documents/com\~apple\~CloudDocs/Desktop/Program/untitled\ folder/Seizcare/Seizcare/AlertHistory.storyboard --compilation-directory /Users/jasmeengrewal/Library/Developer/Xcode/DerivedData/Seizcare-enmlyewallzphbhfkpfiwqviwkum/Build/Intermediates.noindex/Seizcare.build/Debug-iphonesimulator/Seizcare.build

CompileStoryboard /Users/jasmeengrewal/Library/Mobile\ Documents/com~apple~CloudDocs/Desktop/Program/untitled\ folder/Seizcare/Seizcare/Base.lproj/LaunchScreen.storyboard (in target 'Seizcare' from project 'Seizcare')
    cd /Users/jasmeengrewal/Library/Mobile\ Documents/com\~apple\~CloudDocs/Desktop/Program/untitled\ folder/Seizcare
    /Applications/Xcode.app/Contents/Developer/usr/bin/ibtool --errors --warnings --notices --module Seizcare --output-partial-info-plist /Users/jasmeengrewal/Library/Developer/Xcode/DerivedData/Seizcare-enmlyewallzphbhfkpfiwqviwkum/Build/Intermediates.noindex/Seizcare.build/Debug-iphonesimulator/Seizcare.build/Base.lproj/LaunchScreen-SBPartialInfo.plist --auto-activate-custom-fonts --target-device iphone --target-device ipad --minimum-deployment-target 26.0 --output-format human-readable-text /Users/jasmeengrewal/Library/Mobile\ Documents/com\~apple\~CloudDocs/Desktop/Program/untitled\ folder/Seizcare/Seizcare/Base.lproj/LaunchScreen.storyboard --compilation-directory /Users/jasmeengrewal/Library/Developer/Xcode/DerivedData/Seizcare-enmlyewallzphbhfkpfiwqviwkum/Build/Intermediates.noindex/Seizcare.build/Debug-iphonesimulator/Seizcare.build/Base.lproj

CompileStoryboard /Users/jasmeengrewal/Library/Mobile\ Documents/com~apple~CloudDocs/Desktop/Program/untitled\ folder/Seizcare/Seizcare/Main.storyboard (in target 'Seizcare' from project 'Seizcare')
    cd /Users/jasmeengrewal/Library/Mobile\ Documents/com\~apple\~CloudDocs/Desktop/Program/untitled\ folder/Seizcare
    /Applications/Xcode.app/Contents/Developer/usr/bin/ibtool --errors --warnings --notices --module Seizcare --output-partial-info-plist /Users/jasmeengrewal/Library/Developer/Xcode/DerivedData/Seizcare-enmlyewallzphbhfkpfiwqviwkum/Build/Intermediates.noindex/Seizcare.build/Debug-iphonesimulator/Seizcare.build/Main-SBPartialInfo.plist --auto-activate-custom-fonts --target-device iphone --target-device ipad --minimum-deployment-target 26.0 --output-format human-readable-text /Users/jasmeengrewal/Library/Mobile\ Documents/com\~apple\~CloudDocs/Desktop/Program/untitled\ folder/Seizcare/Seizcare/Main.storyboard --compilation-directory /Users/jasmeengrewal/Library/Developer/Xcode/DerivedData/Seizcare-enmlyewallzphbhfkpfiwqviwkum/Build/Intermediates.noindex/Seizcare.build/Debug-iphonesimulator/Seizcare.build

CompileStoryboard /Users/jasmeengrewal/Library/Mobile\ Documents/com~apple~CloudDocs/Desktop/Program/untitled\ folder/Seizcare/Seizcare/EmergencyContacts.storyboard (in target 'Seizcare' from project 'Seizcare')
    cd /Users/jasmeengrewal/Library/Mobile\ Documents/com\~apple\~CloudDocs/Desktop/Program/untitled\ folder/Seizcare
    /Applications/Xcode.app/Contents/Developer/usr/bin/ibtool --errors --warnings --notices --module Seizcare --output-partial-info-plist /Users/jasmeengrewal/Library/Developer/Xcode/DerivedData/Seizcare-enmlyewallzphbhfkpfiwqviwkum/Build/Intermediates.noindex/Seizcare.build/Debug-iphonesimulator/Seizcare.build/EmergencyContacts-SBPartialInfo.plist --auto-activate-custom-fonts --target-device iphone --target-device ipad --minimum-deployment-target 26.0 --output-format human-readable-text /Users/jasmeengrewal/Library/Mobile\ Documents/com\~apple\~CloudDocs/Desktop/Program/untitled\ folder/Seizcare/Seizcare/EmergencyContacts.storyboard --compilation-directory /Users/jasmeengrewal/Library/Developer/Xcode/DerivedData/Seizcare-enmlyewallzphbhfkpfiwqviwkum/Build/Intermediates.noindex/Seizcare.build/Debug-iphonesimulator/Seizcare.build

GenerateAssetSymbols /Users/jasmeengrewal/Library/Mobile\ Documents/com~apple~CloudDocs/Desktop/Program/untitled\ folder/Seizcare/Seizcare/Assets.xcassets (in target 'Seizcare' from project 'Seizcare')
    cd /Users/jasmeengrewal/Library/Mobile\ Documents/com\~apple\~CloudDocs/Desktop/Program/untitled\ folder/Seizcare
    /Applications/Xcode.app/Contents/Developer/usr/bin/actool /Users/jasmeengrewal/Library/Mobile\ Documents/com\~apple\~CloudDocs/Desktop/Program/untitled\ folder/Seizcare/Seizcare/Assets.xcassets --compile /Users/jasmeengrewal/Library/Developer/Xcode/DerivedData/Seizcare-enmlyewallzphbhfkpfiwqviwkum/Build/Products/Debug-iphonesimulator/Seizcare.app --output-format human-readable-text --notices --warnings --export-dependency-info /Users/jasmeengrewal/Library/Developer/Xcode/DerivedData/Seizcare-enmlyewallzphbhfkpfiwqviwkum/Build/Intermediates.noindex/Seizcare.build/Debug-iphonesimulator/Seizcare.build/assetcatalog_dependencies --output-partial-info-plist /Users/jasmeengrewal/Library/Developer/Xcode/DerivedData/Seizcare-enmlyewallzphbhfkpfiwqviwkum/Build/Intermediates.noindex/Seizcare.build/Debug-iphonesimulator/Seizcare.build/assetcatalog_generated_info.plist --app-icon AppIcon --accent-color AccentColor --compress-pngs --enable-on-demand-resources YES --development-region en --target-device iphone --target-device ipad --minimum-deployment-target 26.0 --platform iphonesimulator --bundle-identifier com.team.antidote.Seizcare --generate-swift-asset-symbols /Users/jasmeengrewal/Library/Developer/Xcode/DerivedData/Seizcare-enmlyewallzphbhfkpfiwqviwkum/Build/Intermediates.noindex/Seizcare.build/Debug-iphonesimulator/Seizcare.build/DerivedSources/GeneratedAssetSymbols.swift --generate-objc-asset-symbols /Users/jasmeengrewal/Library/Developer/Xcode/DerivedData/Seizcare-enmlyewallzphbhfkpfiwqviwkum/Build/Intermediates.noindex/Seizcare.build/Debug-iphonesimulator/Seizcare.build/DerivedSources/GeneratedAssetSymbols.h --generate-asset-symbol-index /Users/jasmeengrewal/Library/Developer/Xcode/DerivedData/Seizcare-enmlyewallzphbhfkpfiwqviwkum/Build/Intermediates.noindex/Seizcare.build/Debug-iphonesimulator/Seizcare.build/DerivedSources/GeneratedAssetSymbols-Index.plist
/* com.apple.actool.document.warnings */
/Users/jasmeengrewal/Library/Mobile Documents/com~apple~CloudDocs/Desktop/Program/untitled folder/Seizcare/Seizcare/Assets.xcassets:./Image.imageset/(null)[2d][image 7.png]: warning: The image set "Image" has an unassigned child.
/Users/jasmeengrewal/Library/Mobile Documents/com~apple~CloudDocs/Desktop/Program/untitled folder/Seizcare/Seizcare/Assets.xcassets:./Image.imageset/(null)[2d][image 7.png]: warning: The image set "Image" has an unassigned child.
/* com.apple.actool.compilation-results */
/Users/jasmeengrewal/Library/Developer/Xcode/DerivedData/Seizcare-enmlyewallzphbhfkpfiwqviwkum/Build/Intermediates.noindex/Seizcare.build/Debug-iphonesimulator/Seizcare.build/DerivedSources/GeneratedAssetSymbols-Index.plist
/Users/jasmeengrewal/Library/Developer/Xcode/DerivedData/Seizcare-enmlyewallzphbhfkpfiwqviwkum/Build/Intermediates.noindex/Seizcare.build/Debug-iphonesimulator/Seizcare.build/DerivedSources/GeneratedAssetSymbols.h
/Users/jasmeengrewal/Library/Developer/Xcode/DerivedData/Seizcare-enmlyewallzphbhfkpfiwqviwkum/Build/Intermediates.noindex/Seizcare.build/Debug-iphonesimulator/Seizcare.build/DerivedSources/GeneratedAssetSymbols.swift


CompileStoryboard /Users/jasmeengrewal/Library/Mobile\ Documents/com~apple~CloudDocs/Desktop/Program/untitled\ folder/Seizcare/Seizcare/Sensitivity.storyboard (in target 'Seizcare' from project 'Seizcare')
    cd /Users/jasmeengrewal/Library/Mobile\ Documents/com\~apple\~CloudDocs/Desktop/Program/untitled\ folder/Seizcare
    /Applications/Xcode.app/Contents/Developer/usr/bin/ibtool --errors --warnings --notices --module Seizcare --output-partial-info-plist /Users/jasmeengrewal/Library/Developer/Xcode/DerivedData/Seizcare-enmlyewallzphbhfkpfiwqviwkum/Build/Intermediates.noindex/Seizcare.build/Debug-iphonesimulator/Seizcare.build/Sensitivity-SBPartialInfo.plist --auto-activate-custom-fonts --target-device iphone --target-device ipad --minimum-deployment-target 26.0 --output-format human-readable-text /Users/jasmeengrewal/Library/Mobile\ Documents/com\~apple\~CloudDocs/Desktop/Program/untitled\ folder/Seizcare/Seizcare/Sensitivity.storyboard --compilation-directory /Users/jasmeengrewal/Library/Developer/Xcode/DerivedData/Seizcare-enmlyewallzphbhfkpfiwqviwkum/Build/Intermediates.noindex/Seizcare.build/Debug-iphonesimulator/Seizcare.build
/* com.apple.ibtool.document.warnings */
/Users/jasmeengrewal/Library/Mobile Documents/com~apple~CloudDocs/Desktop/Program/untitled folder/Seizcare/Seizcare/Sensitivity.storyboard:B6Q-tZ-7BX: warning: “Sensitivity“ is unreachable because it has no entry points, and no identifier for runtime access via -[UIStoryboard instantiateViewControllerWithIdentifier:]. [9]

CompileStoryboard /Users/jasmeengrewal/Library/Mobile\ Documents/com~apple~CloudDocs/Desktop/Program/untitled\ folder/Seizcare/Seizcare/Records.storyboard (in target 'Seizcare' from project 'Seizcare')
    cd /Users/jasmeengrewal/Library/Mobile\ Documents/com\~apple\~CloudDocs/Desktop/Program/untitled\ folder/Seizcare
    /Applications/Xcode.app/Contents/Developer/usr/bin/ibtool --errors --warnings --notices --module Seizcare --output-partial-info-plist /Users/jasmeengrewal/Library/Developer/Xcode/DerivedData/Seizcare-enmlyewallzphbhfkpfiwqviwkum/Build/Intermediates.noindex/Seizcare.build/Debug-iphonesimulator/Seizcare.build/Records-SBPartialInfo.plist --auto-activate-custom-fonts --target-device iphone --target-device ipad --minimum-deployment-target 26.0 --output-format human-readable-text /Users/jasmeengrewal/Library/Mobile\ Documents/com\~apple\~CloudDocs/Desktop/Program/untitled\ folder/Seizcare/Seizcare/Records.storyboard --compilation-directory /Users/jasmeengrewal/Library/Developer/Xcode/DerivedData/Seizcare-enmlyewallzphbhfkpfiwqviwkum/Build/Intermediates.noindex/Seizcare.build/Debug-iphonesimulator/Seizcare.build

CompileStoryboard /Users/jasmeengrewal/Library/Mobile\ Documents/com~apple~CloudDocs/Desktop/Program/untitled\ folder/Seizcare/Seizcare/Profile.storyboard (in target 'Seizcare' from project 'Seizcare')
    cd /Users/jasmeengrewal/Library/Mobile\ Documents/com\~apple\~CloudDocs/Desktop/Program/untitled\ folder/Seizcare
    /Applications/Xcode.app/Contents/Developer/usr/bin/ibtool --errors --warnings --notices --module Seizcare --output-partial-info-plist /Users/jasmeengrewal/Library/Developer/Xcode/DerivedData/Seizcare-enmlyewallzphbhfkpfiwqviwkum/Build/Intermediates.noindex/Seizcare.build/Debug-iphonesimulator/Seizcare.build/Profile-SBPartialInfo.plist --auto-activate-custom-fonts --target-device iphone --target-device ipad --minimum-deployment-target 26.0 --output-format human-readable-text /Users/jasmeengrewal/Library/Mobile\ Documents/com\~apple\~CloudDocs/Desktop/Program/untitled\ folder/Seizcare/Seizcare/Profile.storyboard --compilation-directory /Users/jasmeengrewal/Library/Developer/Xcode/DerivedData/Seizcare-enmlyewallzphbhfkpfiwqviwkum/Build/Intermediates.noindex/Seizcare.build/Debug-iphonesimulator/Seizcare.build
/* com.apple.ibtool.document.warnings */
/Users/jasmeengrewal/Library/Mobile Documents/com~apple~CloudDocs/Desktop/Program/untitled folder/Seizcare/Seizcare/Profile.storyboard:6ME-9c-Wnk: warning: SF Symbol 'smiley' is deprecated, use 'face.smiling' instead. [7]
/Users/jasmeengrewal/Library/Mobile Documents/com~apple~CloudDocs/Desktop/Program/untitled folder/Seizcare/Seizcare/Profile.storyboard:70s-GZ-ryd: warning: “Profile“ is unreachable because it has no entry points, and no identifier for runtime access via -[UIStoryboard instantiateViewControllerWithIdentifier:]. [9]

CompileStoryboard /Users/jasmeengrewal/Library/Mobile\ Documents/com~apple~CloudDocs/Desktop/Program/untitled\ folder/Seizcare/Seizcare/Onboarding.storyboard (in target 'Seizcare' from project 'Seizcare')
    cd /Users/jasmeengrewal/Library/Mobile\ Documents/com\~apple\~CloudDocs/Desktop/Program/untitled\ folder/Seizcare
    /Applications/Xcode.app/Contents/Developer/usr/bin/ibtool --errors --warnings --notices --module Seizcare --output-partial-info-plist /Users/jasmeengrewal/Library/Developer/Xcode/DerivedData/Seizcare-enmlyewallzphbhfkpfiwqviwkum/Build/Intermediates.noindex/Seizcare.build/Debug-iphonesimulator/Seizcare.build/Onboarding-SBPartialInfo.plist --auto-activate-custom-fonts --target-device iphone --target-device ipad --minimum-deployment-target 26.0 --output-format human-readable-text /Users/jasmeengrewal/Library/Mobile\ Documents/com\~apple\~CloudDocs/Desktop/Program/untitled\ folder/Seizcare/Seizcare/Onboarding.storyboard --compilation-directory /Users/jasmeengrewal/Library/Developer/Xcode/DerivedData/Seizcare-enmlyewallzphbhfkpfiwqviwkum/Build/Intermediates.noindex/Seizcare.build/Debug-iphonesimulator/Seizcare.build
/* com.apple.ibtool.document.warnings */
/Users/jasmeengrewal/Library/Mobile Documents/com~apple~CloudDocs/Desktop/Program/untitled folder/Seizcare/Seizcare/Onboarding.storyboard:Wd0-S5-ahb: warning: “View Controller“ is unreachable because it has no entry points, and no identifier for runtime access via -[UIStoryboard instantiateViewControllerWithIdentifier:]. [9]
/Users/jasmeengrewal/Library/Mobile Documents/com~apple~CloudDocs/Desktop/Program/untitled folder/Seizcare/Seizcare/Onboarding.storyboard:n6o-1m-ezf: warning: “Sign Up“ is unreachable because it has no entry points, and no identifier for runtime access via -[UIStoryboard instantiateViewControllerWithIdentifier:]. [9]
/Users/jasmeengrewal/Library/Mobile Documents/com~apple~CloudDocs/Desktop/Program/untitled folder/Seizcare/Seizcare/Onboarding.storyboard:LN0-jP-XHT: warning: “Dashboard“ is unreachable because it has no entry points, and no identifier for runtime access via -[UIStoryboard instantiateViewControllerWithIdentifier:]. [9]

CompileStoryboard /Users/jasmeengrewal/Library/Mobile\ Documents/com~apple~CloudDocs/Desktop/Program/untitled\ folder/Seizcare/Seizcare/NewUserOnboarding.storyboard (in target 'Seizcare' from project 'Seizcare')
    cd /Users/jasmeengrewal/Library/Mobile\ Documents/com\~apple\~CloudDocs/Desktop/Program/untitled\ folder/Seizcare
    /Applications/Xcode.app/Contents/Developer/usr/bin/ibtool --errors --warnings --notices --module Seizcare --output-partial-info-plist /Users/jasmeengrewal/Library/Developer/Xcode/DerivedData/Seizcare-enmlyewallzphbhfkpfiwqviwkum/Build/Intermediates.noindex/Seizcare.build/Debug-iphonesimulator/Seizcare.build/NewUserOnboarding-SBPartialInfo.plist --auto-activate-custom-fonts --target-device iphone --target-device ipad --minimum-deployment-target 26.0 --output-format human-readable-text /Users/jasmeengrewal/Library/Mobile\ Documents/com\~apple\~CloudDocs/Desktop/Program/untitled\ folder/Seizcare/Seizcare/NewUserOnboarding.storyboard --compilation-directory /Users/jasmeengrewal/Library/Developer/Xcode/DerivedData/Seizcare-enmlyewallzphbhfkpfiwqviwkum/Build/Intermediates.noindex/Seizcare.build/Debug-iphonesimulator/Seizcare.build

LinkAssetCatalog /Users/jasmeengrewal/Library/Mobile\ Documents/com~apple~CloudDocs/Desktop/Program/untitled\ folder/Seizcare/Seizcare/Assets.xcassets (in target 'Seizcare' from project 'Seizcare')
    cd /Users/jasmeengrewal/Library/Mobile\ Documents/com\~apple\~CloudDocs/Desktop/Program/untitled\ folder/Seizcare
    builtin-linkAssetCatalog --thinned /Users/jasmeengrewal/Library/Developer/Xcode/DerivedData/Seizcare-enmlyewallzphbhfkpfiwqviwkum/Build/Intermediates.noindex/Seizcare.build/Debug-iphonesimulator/Seizcare.build/assetcatalog_output/thinned --thinned-dependencies /Users/jasmeengrewal/Library/Developer/Xcode/DerivedData/Seizcare-enmlyewallzphbhfkpfiwqviwkum/Build/Intermediates.noindex/Seizcare.build/Debug-iphonesimulator/Seizcare.build/assetcatalog_dependencies_thinned --thinned-info-plist-content /Users/jasmeengrewal/Library/Developer/Xcode/DerivedData/Seizcare-enmlyewallzphbhfkpfiwqviwkum/Build/Intermediates.noindex/Seizcare.build/Debug-iphonesimulator/Seizcare.build/assetcatalog_generated_info.plist_thinned --unthinned /Users/jasmeengrewal/Library/Developer/Xcode/DerivedData/Seizcare-enmlyewallzphbhfkpfiwqviwkum/Build/Intermediates.noindex/Seizcare.build/Debug-iphonesimulator/Seizcare.build/assetcatalog_output/unthinned --unthinned-dependencies /Users/jasmeengrewal/Library/Developer/Xcode/DerivedData/Seizcare-enmlyewallzphbhfkpfiwqviwkum/Build/Intermediates.noindex/Seizcare.build/Debug-iphonesimulator/Seizcare.build/assetcatalog_dependencies_unthinned --unthinned-info-plist-content /Users/jasmeengrewal/Library/Developer/Xcode/DerivedData/Seizcare-enmlyewallzphbhfkpfiwqviwkum/Build/Intermediates.noindex/Seizcare.build/Debug-iphonesimulator/Seizcare.build/assetcatalog_generated_info.plist_unthinned --output /Users/jasmeengrewal/Library/Developer/Xcode/DerivedData/Seizcare-enmlyewallzphbhfkpfiwqviwkum/Build/Products/Debug-iphonesimulator/Seizcare.app --plist-output /Users/jasmeengrewal/Library/Developer/Xcode/DerivedData/Seizcare-enmlyewallzphbhfkpfiwqviwkum/Build/Intermediates.noindex/Seizcare.build/Debug-iphonesimulator/Seizcare.build/assetcatalog_generated_info.plist
note: Emplaced /Users/jasmeengrewal/Library/Developer/Xcode/DerivedData/Seizcare-enmlyewallzphbhfkpfiwqviwkum/Build/Products/Debug-iphonesimulator/Seizcare.app/Assets.car (in target 'Seizcare' from project 'Seizcare')

SwiftDriver Seizcare normal arm64 com.apple.xcode.tools.swift.compiler (in target 'Seizcare' from project 'Seizcare')
    cd /Users/jasmeengrewal/Library/Mobile\ Documents/com\~apple\~CloudDocs/Desktop/Program/untitled\ folder/Seizcare
    builtin-SwiftDriver -- /Applications/Xcode.app/Contents/Developer/Toolchains/XcodeDefault.xctoolchain/usr/bin/swiftc -module-name Seizcare -Onone -enforce-exclusivity\=checked @/Users/jasmeengrewal/Library/Developer/Xcode/DerivedData/Seizcare-enmlyewallzphbhfkpfiwqviwkum/Build/Intermediates.noindex/Seizcare.build/Debug-iphonesimulator/Seizcare.build/Objects-normal/arm64/Seizcare.SwiftFileList -DDEBUG -default-isolation\=MainActor -enable-bare-slash-regex -enable-upcoming-feature DisableOutwardActorInference -enable-upcoming-feature InferSendableFromCaptures -enable-upcoming-feature GlobalActorIsolatedTypesUsability -enable-upcoming-feature MemberImportVisibility -enable-upcoming-feature InferIsolatedConformances -enable-upcoming-feature NonisolatedNonsendingByDefault -enable-experimental-feature DebugDescriptionMacro -sdk /Applications/Xcode.app/Contents/Developer/Platforms/iPhoneSimulator.platform/Developer/SDKs/iPhoneSimulator26.2.sdk -target arm64-apple-ios26.0-simulator -g -module-cache-path /Users/jasmeengrewal/Library/Developer/Xcode/DerivedData/ModuleCache.noindex -Xfrontend -serialize-debugging-options -enable-testing -index-store-path /Users/jasmeengrewal/Library/Developer/Xcode/DerivedData/Seizcare-enmlyewallzphbhfkpfiwqviwkum/Index.noindex/DataStore -Xcc -D_LIBCPP_HARDENING_MODE\=_LIBCPP_HARDENING_MODE_DEBUG -swift-version 5 -I /Users/jasmeengrewal/Library/Developer/Xcode/DerivedData/Seizcare-enmlyewallzphbhfkpfiwqviwkum/Build/Products/Debug-iphonesimulator -F /Users/jasmeengrewal/Library/Developer/Xcode/DerivedData/Seizcare-enmlyewallzphbhfkpfiwqviwkum/Build/Products/Debug-iphonesimulator -emit-localized-strings -emit-localized-strings-path /Users/jasmeengrewal/Library/Developer/Xcode/DerivedData/Seizcare-enmlyewallzphbhfkpfiwqviwkum/Build/Intermediates.noindex/Seizcare.build/Debug-iphonesimulator/Seizcare.build/Objects-normal/arm64 -c -j10 -enable-batch-mode -incremental -Xcc -ivfsstatcache -Xcc /Users/jasmeengrewal/Library/Developer/Xcode/DerivedData/SDKStatCaches.noindex/iphonesimulator26.2-23C53-7d00a8b37fbd7999ea79df8ebc024bf0.sdkstatcache -output-file-map /Users/jasmeengrewal/Library/Developer/Xcode/DerivedData/Seizcare-enmlyewallzphbhfkpfiwqviwkum/Build/Intermediates.noindex/Seizcare.build/Debug-iphonesimulator/Seizcare.build/Objects-normal/arm64/Seizcare-OutputFileMap.json -use-frontend-parseable-output -save-temps -no-color-diagnostics -explicit-module-build -module-cache-path /Users/jasmeengrewal/Library/Developer/Xcode/DerivedData/Seizcare-enmlyewallzphbhfkpfiwqviwkum/Build/Intermediates.noindex/SwiftExplicitPrecompiledModules -clang-scanner-module-cache-path /Users/jasmeengrewal/Library/Developer/Xcode/DerivedData/ModuleCache.noindex -sdk-module-cache-path /Users/jasmeengrewal/Library/Developer/Xcode/DerivedData/ModuleCache.noindex -serialize-diagnostics -emit-dependencies -emit-module -emit-module-path /Users/jasmeengrewal/Library/Developer/Xcode/DerivedData/Seizcare-enmlyewallzphbhfkpfiwqviwkum/Build/Intermediates.noindex/Seizcare.build/Debug-iphonesimulator/Seizcare.build/Objects-normal/arm64/Seizcare.swiftmodule -validate-clang-modules-once -clang-build-session-file /Users/jasmeengrewal/Library/Developer/Xcode/DerivedData/ModuleCache.noindex/Session.modulevalidation -Xcc -I/Users/jasmeengrewal/Library/Developer/Xcode/DerivedData/Seizcare-enmlyewallzphbhfkpfiwqviwkum/Build/Intermediates.noindex/Seizcare.build/Debug-iphonesimulator/Seizcare.build/swift-overrides.hmap -emit-const-values -Xfrontend -const-gather-protocols-file -Xfrontend /Users/jasmeengrewal/Library/Developer/Xcode/DerivedData/Seizcare-enmlyewallzphbhfkpfiwqviwkum/Build/Intermediates.noindex/Seizcare.build/Debug-iphonesimulator/Seizcare.build/Objects-normal/arm64/Seizcare_const_extract_protocols.json -Xcc -iquote -Xcc /Users/jasmeengrewal/Library/Developer/Xcode/DerivedData/Seizcare-enmlyewallzphbhfkpfiwqviwkum/Build/Intermediates.noindex/Seizcare.build/Debug-iphonesimulator/Seizcare.build/Seizcare-generated-files.hmap -Xcc -I/Users/jasmeengrewal/Library/Developer/Xcode/DerivedData/Seizcare-enmlyewallzphbhfkpfiwqviwkum/Build/Intermediates.noindex/Seizcare.build/Debug-iphonesimulator/Seizcare.build/Seizcare-own-target-headers.hmap -Xcc -I/Users/jasmeengrewal/Library/Developer/Xcode/DerivedData/Seizcare-enmlyewallzphbhfkpfiwqviwkum/Build/Intermediates.noindex/Seizcare.build/Debug-iphonesimulator/Seizcare.build/Seizcare-all-target-headers.hmap -Xcc -iquote -Xcc /Users/jasmeengrewal/Library/Developer/Xcode/DerivedData/Seizcare-enmlyewallzphbhfkpfiwqviwkum/Build/Intermediates.noindex/Seizcare.build/Debug-iphonesimulator/Seizcare.build/Seizcare-project-headers.hmap -Xcc -I/Users/jasmeengrewal/Library/Developer/Xcode/DerivedData/Seizcare-enmlyewallzphbhfkpfiwqviwkum/Build/Products/Debug-iphonesimulator/include -Xcc -I/Users/jasmeengrewal/Library/Developer/Xcode/DerivedData/Seizcare-enmlyewallzphbhfkpfiwqviwkum/Build/Intermediates.noindex/Seizcare.build/Debug-iphonesimulator/Seizcare.build/DerivedSources-normal/arm64 -Xcc -I/Users/jasmeengrewal/Library/Developer/Xcode/DerivedData/Seizcare-enmlyewallzphbhfkpfiwqviwkum/Build/Intermediates.noindex/Seizcare.build/Debug-iphonesimulator/Seizcare.build/DerivedSources/arm64 -Xcc -I/Users/jasmeengrewal/Library/Developer/Xcode/DerivedData/Seizcare-enmlyewallzphbhfkpfiwqviwkum/Build/Intermediates.noindex/Seizcare.build/Debug-iphonesimulator/Seizcare.build/DerivedSources -Xcc -DDEBUG\=1 -emit-objc-header -emit-objc-header-path /Users/jasmeengrewal/Library/Developer/Xcode/DerivedData/Seizcare-enmlyewallzphbhfkpfiwqviwkum/Build/Intermediates.noindex/Seizcare.build/Debug-iphonesimulator/Seizcare.build/Objects-normal/arm64/Seizcare-Swift.h -working-directory /Users/jasmeengrewal/Library/Mobile\ Documents/com\~apple\~CloudDocs/Desktop/Program/untitled\ folder/Seizcare -experimental-emit-module-separately -disable-cmo

SwiftCompile normal arm64 Compiling\ DashboardTableViewController.swift /Users/jasmeengrewal/Library/Mobile\ Documents/com~apple~CloudDocs/Desktop/Program/untitled\ folder/Seizcare/Seizcare/DashboardTableViewController.swift (in target 'Seizcare' from project 'Seizcare')
SwiftCompile normal arm64 /Users/jasmeengrewal/Library/Mobile\ Documents/com~apple~CloudDocs/Desktop/Program/untitled\ folder/Seizcare/Seizcare/DashboardTableViewController.swift (in target 'Seizcare' from project 'Seizcare')
    cd /Users/jasmeengrewal/Library/Mobile\ Documents/com\~apple\~CloudDocs/Desktop/Program/untitled\ folder/Seizcare
    
/Users/jasmeengrewal/Library/Mobile Documents/com~apple~CloudDocs/Desktop/Program/untitled folder/Seizcare/Seizcare/DashboardTableViewController.swift:605:22: warning: 'contentEdgeInsets' was deprecated in iOS 15.0: This property is ignored when using UIButtonConfiguration
        periodButton.contentEdgeInsets = UIEdgeInsets(
                     ^

SwiftEmitModule normal arm64 Emitting\ module\ for\ Seizcare (in target 'Seizcare' from project 'Seizcare')

EmitSwiftModule normal arm64 (in target 'Seizcare' from project 'Seizcare')
    cd /Users/jasmeengrewal/Library/Mobile\ Documents/com\~apple\~CloudDocs/Desktop/Program/untitled\ folder/Seizcare
    

SwiftCompile normal arm64 Compiling\ GeneratedAssetSymbols.swift /Users/jasmeengrewal/Library/Developer/Xcode/DerivedData/Seizcare-enmlyewallzphbhfkpfiwqviwkum/Build/Intermediates.noindex/Seizcare.build/Debug-iphonesimulator/Seizcare.build/DerivedSources/GeneratedAssetSymbols.swift (in target 'Seizcare' from project 'Seizcare')

SwiftCompile normal arm64 /Users/jasmeengrewal/Library/Developer/Xcode/DerivedData/Seizcare-enmlyewallzphbhfkpfiwqviwkum/Build/Intermediates.noindex/Seizcare.build/Debug-iphonesimulator/Seizcare.build/DerivedSources/GeneratedAssetSymbols.swift (in target 'Seizcare' from project 'Seizcare')
    cd /Users/jasmeengrewal/Library/Mobile\ Documents/com\~apple\~CloudDocs/Desktop/Program/untitled\ folder/Seizcare
    

SwiftCompile normal arm64 Compiling\ LocationManager.swift /Users/jasmeengrewal/Library/Mobile\ Documents/com~apple~CloudDocs/Desktop/Program/untitled\ folder/Seizcare/Seizcare/LocationManager.swift (in target 'Seizcare' from project 'Seizcare')

SwiftCompile normal arm64 /Users/jasmeengrewal/Library/Mobile\ Documents/com~apple~CloudDocs/Desktop/Program/untitled\ folder/Seizcare/Seizcare/LocationManager.swift (in target 'Seizcare' from project 'Seizcare')
    cd /Users/jasmeengrewal/Library/Mobile\ Documents/com\~apple\~CloudDocs/Desktop/Program/untitled\ folder/Seizcare
    

SwiftDriverJobDiscovery normal arm64 Compiling GeneratedAssetSymbols.swift (in target 'Seizcare' from project 'Seizcare')

SwiftDriverJobDiscovery normal arm64 Compiling LocationManager.swift (in target 'Seizcare' from project 'Seizcare')

SwiftDriverJobDiscovery normal arm64 Emitting module for Seizcare (in target 'Seizcare' from project 'Seizcare')

SwiftDriver\ Compilation\ Requirements Seizcare normal arm64 com.apple.xcode.tools.swift.compiler (in target 'Seizcare' from project 'Seizcare')
    cd /Users/jasmeengrewal/Library/Mobile\ Documents/com\~apple\~CloudDocs/Desktop/Program/untitled\ folder/Seizcare
    builtin-Swift-Compilation-Requirements -- /Applications/Xcode.app/Contents/Developer/Toolchains/XcodeDefault.xctoolchain/usr/bin/swiftc -module-name Seizcare -Onone -enforce-exclusivity\=checked @/Users/jasmeengrewal/Library/Developer/Xcode/DerivedData/Seizcare-enmlyewallzphbhfkpfiwqviwkum/Build/Intermediates.noindex/Seizcare.build/Debug-iphonesimulator/Seizcare.build/Objects-normal/arm64/Seizcare.SwiftFileList -DDEBUG -default-isolation\=MainActor -enable-bare-slash-regex -enable-upcoming-feature DisableOutwardActorInference -enable-upcoming-feature InferSendableFromCaptures -enable-upcoming-feature GlobalActorIsolatedTypesUsability -enable-upcoming-feature MemberImportVisibility -enable-upcoming-feature InferIsolatedConformances -enable-upcoming-feature NonisolatedNonsendingByDefault -enable-experimental-feature DebugDescriptionMacro -sdk /Applications/Xcode.app/Contents/Developer/Platforms/iPhoneSimulator.platform/Developer/SDKs/iPhoneSimulator26.2.sdk -target arm64-apple-ios26.0-simulator -g -module-cache-path /Users/jasmeengrewal/Library/Developer/Xcode/DerivedData/ModuleCache.noindex -Xfrontend -serialize-debugging-options -enable-testing -index-store-path /Users/jasmeengrewal/Library/Developer/Xcode/DerivedData/Seizcare-enmlyewallzphbhfkpfiwqviwkum/Index.noindex/DataStore -Xcc -D_LIBCPP_HARDENING_MODE\=_LIBCPP_HARDENING_MODE_DEBUG -swift-version 5 -I /Users/jasmeengrewal/Library/Developer/Xcode/DerivedData/Seizcare-enmlyewallzphbhfkpfiwqviwkum/Build/Products/Debug-iphonesimulator -F /Users/jasmeengrewal/Library/Developer/Xcode/DerivedData/Seizcare-enmlyewallzphbhfkpfiwqviwkum/Build/Products/Debug-iphonesimulator -emit-localized-strings -emit-localized-strings-path /Users/jasmeengrewal/Library/Developer/Xcode/DerivedData/Seizcare-enmlyewallzphbhfkpfiwqviwkum/Build/Intermediates.noindex/Seizcare.build/Debug-iphonesimulator/Seizcare.build/Objects-normal/arm64 -c -j10 -enable-batch-mode -incremental -Xcc -ivfsstatcache -Xcc /Users/jasmeengrewal/Library/Developer/Xcode/DerivedData/SDKStatCaches.noindex/iphonesimulator26.2-23C53-7d00a8b37fbd7999ea79df8ebc024bf0.sdkstatcache -output-file-map /Users/jasmeengrewal/Library/Developer/Xcode/DerivedData/Seizcare-enmlyewallzphbhfkpfiwqviwkum/Build/Intermediates.noindex/Seizcare.build/Debug-iphonesimulator/Seizcare.build/Objects-normal/arm64/Seizcare-OutputFileMap.json -use-frontend-parseable-output -save-temps -no-color-diagnostics -explicit-module-build -module-cache-path /Users/jasmeengrewal/Library/Developer/Xcode/DerivedData/Seizcare-enmlyewallzphbhfkpfiwqviwkum/Build/Intermediates.noindex/SwiftExplicitPrecompiledModules -clang-scanner-module-cache-path /Users/jasmeengrewal/Library/Developer/Xcode/DerivedData/ModuleCache.noindex -sdk-module-cache-path /Users/jasmeengrewal/Library/Developer/Xcode/DerivedData/ModuleCache.noindex -serialize-diagnostics -emit-dependencies -emit-module -emit-module-path /Users/jasmeengrewal/Library/Developer/Xcode/DerivedData/Seizcare-enmlyewallzphbhfkpfiwqviwkum/Build/Intermediates.noindex/Seizcare.build/Debug-iphonesimulator/Seizcare.build/Objects-normal/arm64/Seizcare.swiftmodule -validate-clang-modules-once -clang-build-session-file /Users/jasmeengrewal/Library/Developer/Xcode/DerivedData/ModuleCache.noindex/Session.modulevalidation -Xcc -I/Users/jasmeengrewal/Library/Developer/Xcode/DerivedData/Seizcare-enmlyewallzphbhfkpfiwqviwkum/Build/Intermediates.noindex/Seizcare.build/Debug-iphonesimulator/Seizcare.build/swift-overrides.hmap -emit-const-values -Xfrontend -const-gather-protocols-file -Xfrontend /Users/jasmeengrewal/Library/Developer/Xcode/DerivedData/Seizcare-enmlyewallzphbhfkpfiwqviwkum/Build/Intermediates.noindex/Seizcare.build/Debug-iphonesimulator/Seizcare.build/Objects-normal/arm64/Seizcare_const_extract_protocols.json -Xcc -iquote -Xcc /Users/jasmeengrewal/Library/Developer/Xcode/DerivedData/Seizcare-enmlyewallzphbhfkpfiwqviwkum/Build/Intermediates.noindex/Seizcare.build/Debug-iphonesimulator/Seizcare.build/Seizcare-generated-files.hmap -Xcc -I/Users/jasmeengrewal/Library/Developer/Xcode/DerivedData/Seizcare-enmlyewallzphbhfkpfiwqviwkum/Build/Intermediates.noindex/Seizcare.build/Debug-iphonesimulator/Seizcare.build/Seizcare-own-target-headers.hmap -Xcc -I/Users/jasmeengrewal/Library/Developer/Xcode/DerivedData/Seizcare-enmlyewallzphbhfkpfiwqviwkum/Build/Intermediates.noindex/Seizcare.build/Debug-iphonesimulator/Seizcare.build/Seizcare-all-target-headers.hmap -Xcc -iquote -Xcc /Users/jasmeengrewal/Library/Developer/Xcode/DerivedData/Seizcare-enmlyewallzphbhfkpfiwqviwkum/Build/Intermediates.noindex/Seizcare.build/Debug-iphonesimulator/Seizcare.build/Seizcare-project-headers.hmap -Xcc -I/Users/jasmeengrewal/Library/Developer/Xcode/DerivedData/Seizcare-enmlyewallzphbhfkpfiwqviwkum/Build/Products/Debug-iphonesimulator/include -Xcc -I/Users/jasmeengrewal/Library/Developer/Xcode/DerivedData/Seizcare-enmlyewallzphbhfkpfiwqviwkum/Build/Intermediates.noindex/Seizcare.build/Debug-iphonesimulator/Seizcare.build/DerivedSources-normal/arm64 -Xcc -I/Users/jasmeengrewal/Library/Developer/Xcode/DerivedData/Seizcare-enmlyewallzphbhfkpfiwqviwkum/Build/Intermediates.noindex/Seizcare.build/Debug-iphonesimulator/Seizcare.build/DerivedSources/arm64 -Xcc -I/Users/jasmeengrewal/Library/Developer/Xcode/DerivedData/Seizcare-enmlyewallzphbhfkpfiwqviwkum/Build/Intermediates.noindex/Seizcare.build/Debug-iphonesimulator/Seizcare.build/DerivedSources -Xcc -DDEBUG\=1 -emit-objc-header -emit-objc-header-path /Users/jasmeengrewal/Library/Developer/Xcode/DerivedData/Seizcare-enmlyewallzphbhfkpfiwqviwkum/Build/Intermediates.noindex/Seizcare.build/Debug-iphonesimulator/Seizcare.build/Objects-normal/arm64/Seizcare-Swift.h -working-directory /Users/jasmeengrewal/Library/Mobile\ Documents/com\~apple\~CloudDocs/Desktop/Program/untitled\ folder/Seizcare -experimental-emit-module-separately -disable-cmo

Copy /Users/jasmeengrewal/Library/Developer/Xcode/DerivedData/Seizcare-enmlyewallzphbhfkpfiwqviwkum/Build/Products/Debug-iphonesimulator/Seizcare.swiftmodule/arm64-apple-ios-simulator.abi.json /Users/jasmeengrewal/Library/Developer/Xcode/DerivedData/Seizcare-enmlyewallzphbhfkpfiwqviwkum/Build/Intermediates.noindex/Seizcare.build/Debug-iphonesimulator/Seizcare.build/Objects-normal/arm64/Seizcare.abi.json (in target 'Seizcare' from project 'Seizcare')
    cd /Users/jasmeengrewal/Library/Mobile\ Documents/com\~apple\~CloudDocs/Desktop/Program/untitled\ folder/Seizcare
    builtin-copy -exclude .DS_Store -exclude CVS -exclude .svn -exclude .git -exclude .hg -resolve-src-symlinks -rename /Users/jasmeengrewal/Library/Developer/Xcode/DerivedData/Seizcare-enmlyewallzphbhfkpfiwqviwkum/Build/Intermediates.noindex/Seizcare.build/Debug-iphonesimulator/Seizcare.build/Objects-normal/arm64/Seizcare.abi.json /Users/jasmeengrewal/Library/Developer/Xcode/DerivedData/Seizcare-enmlyewallzphbhfkpfiwqviwkum/Build/Products/Debug-iphonesimulator/Seizcare.swiftmodule/arm64-apple-ios-simulator.abi.json

Copy /Users/jasmeengrewal/Library/Developer/Xcode/DerivedData/Seizcare-enmlyewallzphbhfkpfiwqviwkum/Build/Products/Debug-iphonesimulator/Seizcare.swiftmodule/Project/arm64-apple-ios-simulator.swiftsourceinfo /Users/jasmeengrewal/Library/Developer/Xcode/DerivedData/Seizcare-enmlyewallzphbhfkpfiwqviwkum/Build/Intermediates.noindex/Seizcare.build/Debug-iphonesimulator/Seizcare.build/Objects-normal/arm64/Seizcare.swiftsourceinfo (in target 'Seizcare' from project 'Seizcare')
    cd /Users/jasmeengrewal/Library/Mobile\ Documents/com\~apple\~CloudDocs/Desktop/Program/untitled\ folder/Seizcare
    builtin-copy -exclude .DS_Store -exclude CVS -exclude .svn -exclude .git -exclude .hg -resolve-src-symlinks -rename /Users/jasmeengrewal/Library/Developer/Xcode/DerivedData/Seizcare-enmlyewallzphbhfkpfiwqviwkum/Build/Intermediates.noindex/Seizcare.build/Debug-iphonesimulator/Seizcare.build/Objects-normal/arm64/Seizcare.swiftsourceinfo /Users/jasmeengrewal/Library/Developer/Xcode/DerivedData/Seizcare-enmlyewallzphbhfkpfiwqviwkum/Build/Products/Debug-iphonesimulator/Seizcare.swiftmodule/Project/arm64-apple-ios-simulator.swiftsourceinfo

Copy /Users/jasmeengrewal/Library/Developer/Xcode/DerivedData/Seizcare-enmlyewallzphbhfkpfiwqviwkum/Build/Products/Debug-iphonesimulator/Seizcare.swiftmodule/arm64-apple-ios-simulator.swiftmodule /Users/jasmeengrewal/Library/Developer/Xcode/DerivedData/Seizcare-enmlyewallzphbhfkpfiwqviwkum/Build/Intermediates.noindex/Seizcare.build/Debug-iphonesimulator/Seizcare.build/Objects-normal/arm64/Seizcare.swiftmodule (in target 'Seizcare' from project 'Seizcare')
    cd /Users/jasmeengrewal/Library/Mobile\ Documents/com\~apple\~CloudDocs/Desktop/Program/untitled\ folder/Seizcare
    builtin-copy -exclude .DS_Store -exclude CVS -exclude .svn -exclude .git -exclude .hg -resolve-src-symlinks -rename /Users/jasmeengrewal/Library/Developer/Xcode/DerivedData/Seizcare-enmlyewallzphbhfkpfiwqviwkum/Build/Intermediates.noindex/Seizcare.build/Debug-iphonesimulator/Seizcare.build/Objects-normal/arm64/Seizcare.swiftmodule /Users/jasmeengrewal/Library/Developer/Xcode/DerivedData/Seizcare-enmlyewallzphbhfkpfiwqviwkum/Build/Products/Debug-iphonesimulator/Seizcare.swiftmodule/arm64-apple-ios-simulator.swiftmodule

ProcessInfoPlistFile /Users/jasmeengrewal/Library/Developer/Xcode/DerivedData/Seizcare-enmlyewallzphbhfkpfiwqviwkum/Build/Products/Debug-iphonesimulator/Seizcare.app/Info.plist /Users/jasmeengrewal/Library/Mobile\ Documents/com~apple~CloudDocs/Desktop/Program/untitled\ folder/Seizcare/Seizcare/Info.plist (in target 'Seizcare' from project 'Seizcare')
    cd /Users/jasmeengrewal/Library/Mobile\ Documents/com\~apple\~CloudDocs/Desktop/Program/untitled\ folder/Seizcare
    builtin-infoPlistUtility /Users/jasmeengrewal/Library/Mobile\ Documents/com\~apple\~CloudDocs/Desktop/Program/untitled\ folder/Seizcare/Seizcare/Info.plist -producttype com.apple.product-type.application -genpkginfo /Users/jasmeengrewal/Library/Developer/Xcode/DerivedData/Seizcare-enmlyewallzphbhfkpfiwqviwkum/Build/Products/Debug-iphonesimulator/Seizcare.app/PkgInfo -expandbuildsettings -format binary -platform iphonesimulator -additionalcontentfile /Users/jasmeengrewal/Library/Developer/Xcode/DerivedData/Seizcare-enmlyewallzphbhfkpfiwqviwkum/Build/Intermediates.noindex/Seizcare.build/Debug-iphonesimulator/Seizcare.build/AlertHistory-SBPartialInfo.plist -additionalcontentfile /Users/jasmeengrewal/Library/Developer/Xcode/DerivedData/Seizcare-enmlyewallzphbhfkpfiwqviwkum/Build/Intermediates.noindex/Seizcare.build/Debug-iphonesimulator/Seizcare.build/Dashboard-SBPartialInfo.plist -additionalcontentfile /Users/jasmeengrewal/Library/Developer/Xcode/DerivedData/Seizcare-enmlyewallzphbhfkpfiwqviwkum/Build/Intermediates.noindex/Seizcare.build/Debug-iphonesimulator/Seizcare.build/EmergencyContacts-SBPartialInfo.plist -additionalcontentfile /Users/jasmeengrewal/Library/Developer/Xcode/DerivedData/Seizcare-enmlyewallzphbhfkpfiwqviwkum/Build/Intermediates.noindex/Seizcare.build/Debug-iphonesimulator/Seizcare.build/Language-SBPartialInfo.plist -additionalcontentfile /Users/jasmeengrewal/Library/Developer/Xcode/DerivedData/Seizcare-enmlyewallzphbhfkpfiwqviwkum/Build/Intermediates.noindex/Seizcare.build/Debug-iphonesimulator/Seizcare.build/Base.lproj/LaunchScreen-SBPartialInfo.plist -additionalcontentfile /Users/jasmeengrewal/Library/Developer/Xcode/DerivedData/Seizcare-enmlyewallzphbhfkpfiwqviwkum/Build/Intermediates.noindex/Seizcare.build/Debug-iphonesimulator/Seizcare.build/Main-SBPartialInfo.plist -additionalcontentfile /Users/jasmeengrewal/Library/Developer/Xcode/DerivedData/Seizcare-enmlyewallzphbhfkpfiwqviwkum/Build/Intermediates.noindex/Seizcare.build/Debug-iphonesimulator/Seizcare.build/NewUserOnboarding-SBPartialInfo.plist -additionalcontentfile /Users/jasmeengrewal/Library/Developer/Xcode/DerivedData/Seizcare-enmlyewallzphbhfkpfiwqviwkum/Build/Intermediates.noindex/Seizcare.build/Debug-iphonesimulator/Seizcare.build/Onboarding-SBPartialInfo.plist -additionalcontentfile /Users/jasmeengrewal/Library/Developer/Xcode/DerivedData/Seizcare-enmlyewallzphbhfkpfiwqviwkum/Build/Intermediates.noindex/Seizcare.build/Debug-iphonesimulator/Seizcare.build/Profile-SBPartialInfo.plist -additionalcontentfile /Users/jasmeengrewal/Library/Developer/Xcode/DerivedData/Seizcare-enmlyewallzphbhfkpfiwqviwkum/Build/Intermediates.noindex/Seizcare.build/Debug-iphonesimulator/Seizcare.build/Records-SBPartialInfo.plist -additionalcontentfile /Users/jasmeengrewal/Library/Developer/Xcode/DerivedData/Seizcare-enmlyewallzphbhfkpfiwqviwkum/Build/Intermediates.noindex/Seizcare.build/Debug-iphonesimulator/Seizcare.build/Sensitivity-SBPartialInfo.plist -additionalcontentfile /Users/jasmeengrewal/Library/Developer/Xcode/DerivedData/Seizcare-enmlyewallzphbhfkpfiwqviwkum/Build/Intermediates.noindex/Seizcare.build/Debug-iphonesimulator/Seizcare.build/assetcatalog_generated_info.plist -o /Users/jasmeengrewal/Library/Developer/Xcode/DerivedData/Seizcare-enmlyewallzphbhfkpfiwqviwkum/Build/Products/Debug-iphonesimulator/Seizcare.app/Info.plist

LinkStoryboards (in target 'Seizcare' from project 'Seizcare')
    cd /Users/jasmeengrewal/Library/Mobile\ Documents/com\~apple\~CloudDocs/Desktop/Program/untitled\ folder/Seizcare
    /Applications/Xcode.app/Contents/Developer/usr/bin/ibtool --errors --warnings --notices --module Seizcare --target-device iphone --target-device ipad --minimum-deployment-target 26.0 --output-format human-readable-text --link /Users/jasmeengrewal/Library/Developer/Xcode/DerivedData/Seizcare-enmlyewallzphbhfkpfiwqviwkum/Build/Products/Debug-iphonesimulator/Seizcare.app /Users/jasmeengrewal/Library/Developer/Xcode/DerivedData/Seizcare-enmlyewallzphbhfkpfiwqviwkum/Build/Intermediates.noindex/Seizcare.build/Debug-iphonesimulator/Seizcare.build/AlertHistory.storyboardc /Users/jasmeengrewal/Library/Developer/Xcode/DerivedData/Seizcare-enmlyewallzphbhfkpfiwqviwkum/Build/Intermediates.noindex/Seizcare.build/Debug-iphonesimulator/Seizcare.build/Dashboard.storyboardc /Users/jasmeengrewal/Library/Developer/Xcode/DerivedData/Seizcare-enmlyewallzphbhfkpfiwqviwkum/Build/Intermediates.noindex/Seizcare.build/Debug-iphonesimulator/Seizcare.build/EmergencyContacts.storyboardc /Users/jasmeengrewal/Library/Developer/Xcode/DerivedData/Seizcare-enmlyewallzphbhfkpfiwqviwkum/Build/Intermediates.noindex/Seizcare.build/Debug-iphonesimulator/Seizcare.build/Language.storyboardc /Users/jasmeengrewal/Library/Developer/Xcode/DerivedData/Seizcare-enmlyewallzphbhfkpfiwqviwkum/Build/Intermediates.noindex/Seizcare.build/Debug-iphonesimulator/Seizcare.build/Base.lproj/LaunchScreen.storyboardc /Users/jasmeengrewal/Library/Developer/Xcode/DerivedData/Seizcare-enmlyewallzphbhfkpfiwqviwkum/Build/Intermediates.noindex/Seizcare.build/Debug-iphonesimulator/Seizcare.build/Main.storyboardc /Users/jasmeengrewal/Library/Developer/Xcode/DerivedData/Seizcare-enmlyewallzphbhfkpfiwqviwkum/Build/Intermediates.noindex/Seizcare.build/Debug-iphonesimulator/Seizcare.build/NewUserOnboarding.storyboardc /Users/jasmeengrewal/Library/Developer/Xcode/DerivedData/Seizcare-enmlyewallzphbhfkpfiwqviwkum/Build/Intermediates.noindex/Seizcare.build/Debug-iphonesimulator/Seizcare.build/Onboarding.storyboardc /Users/jasmeengrewal/Library/Developer/Xcode/DerivedData/Seizcare-enmlyewallzphbhfkpfiwqviwkum/Build/Intermediates.noindex/Seizcare.build/Debug-iphonesimulator/Seizcare.build/Profile.storyboardc /Users/jasmeengrewal/Library/Developer/Xcode/DerivedData/Seizcare-enmlyewallzphbhfkpfiwqviwkum/Build/Intermediates.noindex/Seizcare.build/Debug-iphonesimulator/Seizcare.build/Records.storyboardc /Users/jasmeengrewal/Library/Developer/Xcode/DerivedData/Seizcare-enmlyewallzphbhfkpfiwqviwkum/Build/Intermediates.noindex/Seizcare.build/Debug-iphonesimulator/Seizcare.build/Sensitivity.storyboardc

SwiftDriverJobDiscovery normal arm64 Compiling DashboardTableViewController.swift (in target 'Seizcare' from project 'Seizcare')

SwiftDriver\ Compilation Seizcare normal arm64 com.apple.xcode.tools.swift.compiler (in target 'Seizcare' from project 'Seizcare')
    cd /Users/jasmeengrewal/Library/Mobile\ Documents/com\~apple\~CloudDocs/Desktop/Program/untitled\ folder/Seizcare
    builtin-Swift-Compilation -- /Applications/Xcode.app/Contents/Developer/Toolchains/XcodeDefault.xctoolchain/usr/bin/swiftc -module-name Seizcare -Onone -enforce-exclusivity\=checked @/Users/jasmeengrewal/Library/Developer/Xcode/DerivedData/Seizcare-enmlyewallzphbhfkpfiwqviwkum/Build/Intermediates.noindex/Seizcare.build/Debug-iphonesimulator/Seizcare.build/Objects-normal/arm64/Seizcare.SwiftFileList -DDEBUG -default-isolation\=MainActor -enable-bare-slash-regex -enable-upcoming-feature DisableOutwardActorInference -enable-upcoming-feature InferSendableFromCaptures -enable-upcoming-feature GlobalActorIsolatedTypesUsability -enable-upcoming-feature MemberImportVisibility -enable-upcoming-feature InferIsolatedConformances -enable-upcoming-feature NonisolatedNonsendingByDefault -enable-experimental-feature DebugDescriptionMacro -sdk /Applications/Xcode.app/Contents/Developer/Platforms/iPhoneSimulator.platform/Developer/SDKs/iPhoneSimulator26.2.sdk -target arm64-apple-ios26.0-simulator -g -module-cache-path /Users/jasmeengrewal/Library/Developer/Xcode/DerivedData/ModuleCache.noindex -Xfrontend -serialize-debugging-options -enable-testing -index-store-path /Users/jasmeengrewal/Library/Developer/Xcode/DerivedData/Seizcare-enmlyewallzphbhfkpfiwqviwkum/Index.noindex/DataStore -Xcc -D_LIBCPP_HARDENING_MODE\=_LIBCPP_HARDENING_MODE_DEBUG -swift-version 5 -I /Users/jasmeengrewal/Library/Developer/Xcode/DerivedData/Seizcare-enmlyewallzphbhfkpfiwqviwkum/Build/Products/Debug-iphonesimulator -F /Users/jasmeengrewal/Library/Developer/Xcode/DerivedData/Seizcare-enmlyewallzphbhfkpfiwqviwkum/Build/Products/Debug-iphonesimulator -emit-localized-strings -emit-localized-strings-path /Users/jasmeengrewal/Library/Developer/Xcode/DerivedData/Seizcare-enmlyewallzphbhfkpfiwqviwkum/Build/Intermediates.noindex/Seizcare.build/Debug-iphonesimulator/Seizcare.build/Objects-normal/arm64 -c -j10 -enable-batch-mode -incremental -Xcc -ivfsstatcache -Xcc /Users/jasmeengrewal/Library/Developer/Xcode/DerivedData/SDKStatCaches.noindex/iphonesimulator26.2-23C53-7d00a8b37fbd7999ea79df8ebc024bf0.sdkstatcache -output-file-map /Users/jasmeengrewal/Library/Developer/Xcode/DerivedData/Seizcare-enmlyewallzphbhfkpfiwqviwkum/Build/Intermediates.noindex/Seizcare.build/Debug-iphonesimulator/Seizcare.build/Objects-normal/arm64/Seizcare-OutputFileMap.json -use-frontend-parseable-output -save-temps -no-color-diagnostics -explicit-module-build -module-cache-path /Users/jasmeengrewal/Library/Developer/Xcode/DerivedData/Seizcare-enmlyewallzphbhfkpfiwqviwkum/Build/Intermediates.noindex/SwiftExplicitPrecompiledModules -clang-scanner-module-cache-path /Users/jasmeengrewal/Library/Developer/Xcode/DerivedData/ModuleCache.noindex -sdk-module-cache-path /Users/jasmeengrewal/Library/Developer/Xcode/DerivedData/ModuleCache.noindex -serialize-diagnostics -emit-dependencies -emit-module -emit-module-path /Users/jasmeengrewal/Library/Developer/Xcode/DerivedData/Seizcare-enmlyewallzphbhfkpfiwqviwkum/Build/Intermediates.noindex/Seizcare.build/Debug-iphonesimulator/Seizcare.build/Objects-normal/arm64/Seizcare.swiftmodule -validate-clang-modules-once -clang-build-session-file /Users/jasmeengrewal/Library/Developer/Xcode/DerivedData/ModuleCache.noindex/Session.modulevalidation -Xcc -I/Users/jasmeengrewal/Library/Developer/Xcode/DerivedData/Seizcare-enmlyewallzphbhfkpfiwqviwkum/Build/Intermediates.noindex/Seizcare.build/Debug-iphonesimulator/Seizcare.build/swift-overrides.hmap -emit-const-values -Xfrontend -const-gather-protocols-file -Xfrontend /Users/jasmeengrewal/Library/Developer/Xcode/DerivedData/Seizcare-enmlyewallzphbhfkpfiwqviwkum/Build/Intermediates.noindex/Seizcare.build/Debug-iphonesimulator/Seizcare.build/Objects-normal/arm64/Seizcare_const_extract_protocols.json -Xcc -iquote -Xcc /Users/jasmeengrewal/Library/Developer/Xcode/DerivedData/Seizcare-enmlyewallzphbhfkpfiwqviwkum/Build/Intermediates.noindex/Seizcare.build/Debug-iphonesimulator/Seizcare.build/Seizcare-generated-files.hmap -Xcc -I/Users/jasmeengrewal/Library/Developer/Xcode/DerivedData/Seizcare-enmlyewallzphbhfkpfiwqviwkum/Build/Intermediates.noindex/Seizcare.build/Debug-iphonesimulator/Seizcare.build/Seizcare-own-target-headers.hmap -Xcc -I/Users/jasmeengrewal/Library/Developer/Xcode/DerivedData/Seizcare-enmlyewallzphbhfkpfiwqviwkum/Build/Intermediates.noindex/Seizcare.build/Debug-iphonesimulator/Seizcare.build/Seizcare-all-target-headers.hmap -Xcc -iquote -Xcc /Users/jasmeengrewal/Library/Developer/Xcode/DerivedData/Seizcare-enmlyewallzphbhfkpfiwqviwkum/Build/Intermediates.noindex/Seizcare.build/Debug-iphonesimulator/Seizcare.build/Seizcare-project-headers.hmap -Xcc -I/Users/jasmeengrewal/Library/Developer/Xcode/DerivedData/Seizcare-enmlyewallzphbhfkpfiwqviwkum/Build/Products/Debug-iphonesimulator/include -Xcc -I/Users/jasmeengrewal/Library/Developer/Xcode/DerivedData/Seizcare-enmlyewallzphbhfkpfiwqviwkum/Build/Intermediates.noindex/Seizcare.build/Debug-iphonesimulator/Seizcare.build/DerivedSources-normal/arm64 -Xcc -I/Users/jasmeengrewal/Library/Developer/Xcode/DerivedData/Seizcare-enmlyewallzphbhfkpfiwqviwkum/Build/Intermediates.noindex/Seizcare.build/Debug-iphonesimulator/Seizcare.build/DerivedSources/arm64 -Xcc -I/Users/jasmeengrewal/Library/Developer/Xcode/DerivedData/Seizcare-enmlyewallzphbhfkpfiwqviwkum/Build/Intermediates.noindex/Seizcare.build/Debug-iphonesimulator/Seizcare.build/DerivedSources -Xcc -DDEBUG\=1 -emit-objc-header -emit-objc-header-path /Users/jasmeengrewal/Library/Developer/Xcode/DerivedData/Seizcare-enmlyewallzphbhfkpfiwqviwkum/Build/Intermediates.noindex/Seizcare.build/Debug-iphonesimulator/Seizcare.build/Objects-normal/arm64/Seizcare-Swift.h -working-directory /Users/jasmeengrewal/Library/Mobile\ Documents/com\~apple\~CloudDocs/Desktop/Program/untitled\ folder/Seizcare -experimental-emit-module-separately -disable-cmo

Ld /Users/jasmeengrewal/Library/Developer/Xcode/DerivedData/Seizcare-enmlyewallzphbhfkpfiwqviwkum/Build/Products/Debug-iphonesimulator/Seizcare.app/Seizcare.debug.dylib normal (in target 'Seizcare' from project 'Seizcare')
    cd /Users/jasmeengrewal/Library/Mobile\ Documents/com\~apple\~CloudDocs/Desktop/Program/untitled\ folder/Seizcare
    /Applications/Xcode.app/Contents/Developer/Toolchains/XcodeDefault.xctoolchain/usr/bin/clang -Xlinker -reproducible -target arm64-apple-ios26.0-simulator -dynamiclib -isysroot /Applications/Xcode.app/Contents/Developer/Platforms/iPhoneSimulator.platform/Developer/SDKs/iPhoneSimulator26.2.sdk -O0 -L/Users/jasmeengrewal/Library/Developer/Xcode/DerivedData/Seizcare-enmlyewallzphbhfkpfiwqviwkum/Build/Intermediates.noindex/EagerLinkingTBDs/Debug-iphonesimulator -L/Users/jasmeengrewal/Library/Developer/Xcode/DerivedData/Seizcare-enmlyewallzphbhfkpfiwqviwkum/Build/Products/Debug-iphonesimulator -F/Users/jasmeengrewal/Library/Developer/Xcode/DerivedData/Seizcare-enmlyewallzphbhfkpfiwqviwkum/Build/Intermediates.noindex/EagerLinkingTBDs/Debug-iphonesimulator -F/Users/jasmeengrewal/Library/Developer/Xcode/DerivedData/Seizcare-enmlyewallzphbhfkpfiwqviwkum/Build/Products/Debug-iphonesimulator -filelist /Users/jasmeengrewal/Library/Developer/Xcode/DerivedData/Seizcare-enmlyewallzphbhfkpfiwqviwkum/Build/Intermediates.noindex/Seizcare.build/Debug-iphonesimulator/Seizcare.build/Objects-normal/arm64/Seizcare.LinkFileList -install_name @rpath/Seizcare.debug.dylib -Xlinker -rpath -Xlinker @executable_path/Frameworks -dead_strip -Xlinker -object_path_lto -Xlinker /Users/jasmeengrewal/Library/Developer/Xcode/DerivedData/Seizcare-enmlyewallzphbhfkpfiwqviwkum/Build/Intermediates.noindex/Seizcare.build/Debug-iphonesimulator/Seizcare.build/Objects-normal/arm64/Seizcare_lto.o -rdynamic -Xlinker -no_deduplicate -Xlinker -objc_abi_version -Xlinker 2 -Xlinker -dependency_info -Xlinker /Users/jasmeengrewal/Library/Developer/Xcode/DerivedData/Seizcare-enmlyewallzphbhfkpfiwqviwkum/Build/Intermediates.noindex/Seizcare.build/Debug-iphonesimulator/Seizcare.build/Objects-normal/arm64/Seizcare_dependency_info.dat -fobjc-link-runtime -L/Applications/Xcode.app/Contents/Developer/Toolchains/XcodeDefault.xctoolchain/usr/lib/swift/iphonesimulator -L/usr/lib/swift -Xlinker -add_ast_path -Xlinker /Users/jasmeengrewal/Library/Developer/Xcode/DerivedData/Seizcare-enmlyewallzphbhfkpfiwqviwkum/Build/Intermediates.noindex/Seizcare.build/Debug-iphonesimulator/Seizcare.build/Objects-normal/arm64/Seizcare.swiftmodule @/Users/jasmeengrewal/Library/Developer/Xcode/DerivedData/Seizcare-enmlyewallzphbhfkpfiwqviwkum/Build/Intermediates.noindex/Seizcare.build/Debug-iphonesimulator/Seizcare.build/Objects-normal/arm64/Seizcare-linker-args.resp -Xlinker -alias -Xlinker _main -Xlinker ___debug_main_executable_dylib_entry_point -Xlinker -no_adhoc_codesign -o /Users/jasmeengrewal/Library/Developer/Xcode/DerivedData/Seizcare-enmlyewallzphbhfkpfiwqviwkum/Build/Products/Debug-iphonesimulator/Seizcare.app/Seizcare.debug.dylib

ConstructStubExecutorLinkFileList /Users/jasmeengrewal/Library/Developer/Xcode/DerivedData/Seizcare-enmlyewallzphbhfkpfiwqviwkum/Build/Intermediates.noindex/Seizcare.build/Debug-iphonesimulator/Seizcare.build/Seizcare-ExecutorLinkFileList-normal-arm64.txt (in target 'Seizcare' from project 'Seizcare')
    cd /Users/jasmeengrewal/Library/Mobile\ Documents/com\~apple\~CloudDocs/Desktop/Program/untitled\ folder/Seizcare
    construct-stub-executor-link-file-list /Users/jasmeengrewal/Library/Developer/Xcode/DerivedData/Seizcare-enmlyewallzphbhfkpfiwqviwkum/Build/Products/Debug-iphonesimulator/Seizcare.app/Seizcare.debug.dylib /Applications/Xcode.app/Contents/Developer/Platforms/iPhoneSimulator.platform/Developer/usr/lib/libPreviewsJITStubExecutor_no_swift_entry_point.a /Applications/Xcode.app/Contents/Developer/Platforms/iPhoneSimulator.platform/Developer/usr/lib/libPreviewsJITStubExecutor.a --output /Users/jasmeengrewal/Library/Developer/Xcode/DerivedData/Seizcare-enmlyewallzphbhfkpfiwqviwkum/Build/Intermediates.noindex/Seizcare.build/Debug-iphonesimulator/Seizcare.build/Seizcare-ExecutorLinkFileList-normal-arm64.txt
note: Using stub executor library with Swift entry point. (in target 'Seizcare' from project 'Seizcare')

Ld /Users/jasmeengrewal/Library/Developer/Xcode/DerivedData/Seizcare-enmlyewallzphbhfkpfiwqviwkum/Build/Products/Debug-iphonesimulator/Seizcare.app/Seizcare normal (in target 'Seizcare' from project 'Seizcare')
    cd /Users/jasmeengrewal/Library/Mobile\ Documents/com\~apple\~CloudDocs/Desktop/Program/untitled\ folder/Seizcare
    /Applications/Xcode.app/Contents/Developer/Toolchains/XcodeDefault.xctoolchain/usr/bin/clang -Xlinker -reproducible -target arm64-apple-ios26.0-simulator -isysroot /Applications/Xcode.app/Contents/Developer/Platforms/iPhoneSimulator.platform/Developer/SDKs/iPhoneSimulator26.2.sdk -O0 -L/Users/jasmeengrewal/Library/Developer/Xcode/DerivedData/Seizcare-enmlyewallzphbhfkpfiwqviwkum/Build/Products/Debug-iphonesimulator -F/Users/jasmeengrewal/Library/Developer/Xcode/DerivedData/Seizcare-enmlyewallzphbhfkpfiwqviwkum/Build/Products/Debug-iphonesimulator -Xlinker -rpath -Xlinker @executable_path -Xlinker -rpath -Xlinker @executable_path/Frameworks -rdynamic -Xlinker -no_deduplicate -Xlinker -objc_abi_version -Xlinker 2 -e ___debug_blank_executor_main -Xlinker -sectcreate -Xlinker __TEXT -Xlinker __debug_dylib -Xlinker /Users/jasmeengrewal/Library/Developer/Xcode/DerivedData/Seizcare-enmlyewallzphbhfkpfiwqviwkum/Build/Intermediates.noindex/Seizcare.build/Debug-iphonesimulator/Seizcare.build/Seizcare-DebugDylibPath-normal-arm64.txt -Xlinker -sectcreate -Xlinker __TEXT -Xlinker __debug_instlnm -Xlinker /Users/jasmeengrewal/Library/Developer/Xcode/DerivedData/Seizcare-enmlyewallzphbhfkpfiwqviwkum/Build/Intermediates.noindex/Seizcare.build/Debug-iphonesimulator/Seizcare.build/Seizcare-DebugDylibInstallName-normal-arm64.txt -Xlinker -filelist -Xlinker /Users/jasmeengrewal/Library/Developer/Xcode/DerivedData/Seizcare-enmlyewallzphbhfkpfiwqviwkum/Build/Intermediates.noindex/Seizcare.build/Debug-iphonesimulator/Seizcare.build/Seizcare-ExecutorLinkFileList-normal-arm64.txt -Xlinker -sectcreate -Xlinker __TEXT -Xlinker __entitlements -Xlinker /Users/jasmeengrewal/Library/Developer/Xcode/DerivedData/Seizcare-enmlyewallzphbhfkpfiwqviwkum/Build/Intermediates.noindex/Seizcare.build/Debug-iphonesimulator/Seizcare.build/Seizcare.app-Simulated.xcent -Xlinker -sectcreate -Xlinker __TEXT -Xlinker __ents_der -Xlinker /Users/jasmeengrewal/Library/Developer/Xcode/DerivedData/Seizcare-enmlyewallzphbhfkpfiwqviwkum/Build/Intermediates.noindex/Seizcare.build/Debug-iphonesimulator/Seizcare.build/Seizcare.app-Simulated.xcent.der /Users/jasmeengrewal/Library/Developer/Xcode/DerivedData/Seizcare-enmlyewallzphbhfkpfiwqviwkum/Build/Products/Debug-iphonesimulator/Seizcare.app/Seizcare.debug.dylib -Xlinker -no_adhoc_codesign -o /Users/jasmeengrewal/Library/Developer/Xcode/DerivedData/Seizcare-enmlyewallzphbhfkpfiwqviwkum/Build/Products/Debug-iphonesimulator/Seizcare.app/Seizcare

CopySwiftLibs /Users/jasmeengrewal/Library/Developer/Xcode/DerivedData/Seizcare-enmlyewallzphbhfkpfiwqviwkum/Build/Products/Debug-iphonesimulator/Seizcare.app (in target 'Seizcare' from project 'Seizcare')
    cd /Users/jasmeengrewal/Library/Mobile\ Documents/com\~apple\~CloudDocs/Desktop/Program/untitled\ folder/Seizcare
    builtin-swiftStdLibTool --copy --verbose --sign - --scan-executable /Users/jasmeengrewal/Library/Developer/Xcode/DerivedData/Seizcare-enmlyewallzphbhfkpfiwqviwkum/Build/Products/Debug-iphonesimulator/Seizcare.app/Seizcare.debug.dylib --scan-folder /Users/jasmeengrewal/Library/Developer/Xcode/DerivedData/Seizcare-enmlyewallzphbhfkpfiwqviwkum/Build/Products/Debug-iphonesimulator/Seizcare.app/Frameworks --scan-folder /Users/jasmeengrewal/Library/Developer/Xcode/DerivedData/Seizcare-enmlyewallzphbhfkpfiwqviwkum/Build/Products/Debug-iphonesimulator/Seizcare.app/PlugIns --scan-folder /Users/jasmeengrewal/Library/Developer/Xcode/DerivedData/Seizcare-enmlyewallzphbhfkpfiwqviwkum/Build/Products/Debug-iphonesimulator/Seizcare.app/SystemExtensions --scan-folder /Users/jasmeengrewal/Library/Developer/Xcode/DerivedData/Seizcare-enmlyewallzphbhfkpfiwqviwkum/Build/Products/Debug-iphonesimulator/Seizcare.app/Extensions --platform iphonesimulator --toolchain /Applications/Xcode.app/Contents/Developer/Toolchains/XcodeDefault.xctoolchain --destination /Users/jasmeengrewal/Library/Developer/Xcode/DerivedData/Seizcare-enmlyewallzphbhfkpfiwqviwkum/Build/Products/Debug-iphonesimulator/Seizcare.app/Frameworks --strip-bitcode --strip-bitcode-tool /Applications/Xcode.app/Contents/Developer/Toolchains/XcodeDefault.xctoolchain/usr/bin/bitcode_strip --emit-dependency-info /Users/jasmeengrewal/Library/Developer/Xcode/DerivedData/Seizcare-enmlyewallzphbhfkpfiwqviwkum/Build/Intermediates.noindex/Seizcare.build/Debug-iphonesimulator/Seizcare.build/SwiftStdLibToolInputDependencies.dep --filter-for-swift-os

ExtractAppIntentsMetadata (in target 'Seizcare' from project 'Seizcare')
    cd /Users/jasmeengrewal/Library/Mobile\ Documents/com\~apple\~CloudDocs/Desktop/Program/untitled\ folder/Seizcare
    /Applications/Xcode.app/Contents/Developer/Toolchains/XcodeDefault.xctoolchain/usr/bin/appintentsmetadataprocessor --toolchain-dir /Applications/Xcode.app/Contents/Developer/Toolchains/XcodeDefault.xctoolchain --module-name Seizcare --sdk-root /Applications/Xcode.app/Contents/Developer/Platforms/iPhoneSimulator.platform/Developer/SDKs/iPhoneSimulator26.2.sdk --xcode-version 17C52 --platform-family iOS --deployment-target 26.0 --bundle-identifier com.team.antidote.Seizcare --output /Users/jasmeengrewal/Library/Developer/Xcode/DerivedData/Seizcare-enmlyewallzphbhfkpfiwqviwkum/Build/Products/Debug-iphonesimulator/Seizcare.app --target-triple arm64-apple-ios26.0-simulator --binary-file /Users/jasmeengrewal/Library/Developer/Xcode/DerivedData/Seizcare-enmlyewallzphbhfkpfiwqviwkum/Build/Products/Debug-iphonesimulator/Seizcare.app/Seizcare --dependency-file /Users/jasmeengrewal/Library/Developer/Xcode/DerivedData/Seizcare-enmlyewallzphbhfkpfiwqviwkum/Build/Intermediates.noindex/Seizcare.build/Debug-iphonesimulator/Seizcare.build/Objects-normal/arm64/Seizcare_dependency_info.dat --stringsdata-file /Users/jasmeengrewal/Library/Developer/Xcode/DerivedData/Seizcare-enmlyewallzphbhfkpfiwqviwkum/Build/Intermediates.noindex/Seizcare.build/Debug-iphonesimulator/Seizcare.build/Objects-normal/arm64/ExtractedAppShortcutsMetadata.stringsdata --source-file-list /Users/jasmeengrewal/Library/Developer/Xcode/DerivedData/Seizcare-enmlyewallzphbhfkpfiwqviwkum/Build/Intermediates.noindex/Seizcare.build/Debug-iphonesimulator/Seizcare.build/Objects-normal/arm64/Seizcare.SwiftFileList --metadata-file-list /Users/jasmeengrewal/Library/Developer/Xcode/DerivedData/Seizcare-enmlyewallzphbhfkpfiwqviwkum/Build/Intermediates.noindex/Seizcare.build/Debug-iphonesimulator/Seizcare.build/Seizcare.DependencyMetadataFileList --static-metadata-file-list /Users/jasmeengrewal/Library/Developer/Xcode/DerivedData/Seizcare-enmlyewallzphbhfkpfiwqviwkum/Build/Intermediates.noindex/Seizcare.build/Debug-iphonesimulator/Seizcare.build/Seizcare.DependencyStaticMetadataFileList --swift-const-vals-list /Users/jasmeengrewal/Library/Developer/Xcode/DerivedData/Seizcare-enmlyewallzphbhfkpfiwqviwkum/Build/Intermediates.noindex/Seizcare.build/Debug-iphonesimulator/Seizcare.build/Objects-normal/arm64/Seizcare.SwiftConstValuesFileList --compile-time-extraction --deployment-aware-processing --validate-assistant-intents --no-app-shortcuts-localization
2026-03-11 16:15:08.467 appintentsmetadataprocessor[32727:5362717] Starting appintentsmetadataprocessor export
2026-03-11 16:15:08.542 appintentsmetadataprocessor[32727:5362717] Extracted no relevant App Intents symbols, skipping writing output

AppIntentsSSUTraining (in target 'Seizcare' from project 'Seizcare')
    cd /Users/jasmeengrewal/Library/Mobile\ Documents/com\~apple\~CloudDocs/Desktop/Program/untitled\ folder/Seizcare
    /Applications/Xcode.app/Contents/Developer/Toolchains/XcodeDefault.xctoolchain/usr/bin/appintentsnltrainingprocessor --infoplist-path /Users/jasmeengrewal/Library/Developer/Xcode/DerivedData/Seizcare-enmlyewallzphbhfkpfiwqviwkum/Build/Products/Debug-iphonesimulator/Seizcare.app/Info.plist --temp-dir-path /Users/jasmeengrewal/Library/Developer/Xcode/DerivedData/Seizcare-enmlyewallzphbhfkpfiwqviwkum/Build/Intermediates.noindex/Seizcare.build/Debug-iphonesimulator/Seizcare.build/ssu --bundle-id com.team.antidote.Seizcare --product-path /Users/jasmeengrewal/Library/Developer/Xcode/DerivedData/Seizcare-enmlyewallzphbhfkpfiwqviwkum/Build/Products/Debug-iphonesimulator/Seizcare.app --extracted-metadata-path /Users/jasmeengrewal/Library/Developer/Xcode/DerivedData/Seizcare-enmlyewallzphbhfkpfiwqviwkum/Build/Products/Debug-iphonesimulator/Seizcare.app/Metadata.appintents --metadata-file-list /Users/jasmeengrewal/Library/Developer/Xcode/DerivedData/Seizcare-enmlyewallzphbhfkpfiwqviwkum/Build/Intermediates.noindex/Seizcare.build/Debug-iphonesimulator/Seizcare.build/Seizcare.DependencyMetadataFileList --archive-ssu-assets
2026-03-11 16:15:08.557 appintentsnltrainingprocessor[32728:5362723] Parsing options for appintentsnltrainingprocessor
2026-03-11 16:15:08.557 appintentsnltrainingprocessor[32728:5362723] No AppShortcuts found - Skipping.

CodeSign /Users/jasmeengrewal/Library/Developer/Xcode/DerivedData/Seizcare-enmlyewallzphbhfkpfiwqviwkum/Build/Products/Debug-iphonesimulator/Seizcare.app/Seizcare.debug.dylib (in target 'Seizcare' from project 'Seizcare')
    cd /Users/jasmeengrewal/Library/Mobile\ Documents/com\~apple\~CloudDocs/Desktop/Program/untitled\ folder/Seizcare
    
    Signing Identity:     "Sign to Run Locally"
    
    /usr/bin/codesign --force --sign - --timestamp\=none --generate-entitlement-der /Users/jasmeengrewal/Library/Developer/Xcode/DerivedData/Seizcare-enmlyewallzphbhfkpfiwqviwkum/Build/Products/Debug-iphonesimulator/Seizcare.app/Seizcare.debug.dylib

CodeSign /Users/jasmeengrewal/Library/Developer/Xcode/DerivedData/Seizcare-enmlyewallzphbhfkpfiwqviwkum/Build/Products/Debug-iphonesimulator/Seizcare.app/__preview.dylib (in target 'Seizcare' from project 'Seizcare')
    cd /Users/jasmeengrewal/Library/Mobile\ Documents/com\~apple\~CloudDocs/Desktop/Program/untitled\ folder/Seizcare
    
    Signing Identity:     "Sign to Run Locally"
    
    /usr/bin/codesign --force --sign - --timestamp\=none --generate-entitlement-der /Users/jasmeengrewal/Library/Developer/Xcode/DerivedData/Seizcare-enmlyewallzphbhfkpfiwqviwkum/Build/Products/Debug-iphonesimulator/Seizcare.app/__preview.dylib
/Users/jasmeengrewal/Library/Developer/Xcode/DerivedData/Seizcare-enmlyewallzphbhfkpfiwqviwkum/Build/Products/Debug-iphonesimulator/Seizcare.app/__preview.dylib: replacing existing signature

CodeSign /Users/jasmeengrewal/Library/Developer/Xcode/DerivedData/Seizcare-enmlyewallzphbhfkpfiwqviwkum/Build/Products/Debug-iphonesimulator/Seizcare.app (in target 'Seizcare' from project 'Seizcare')
    cd /Users/jasmeengrewal/Library/Mobile\ Documents/com\~apple\~CloudDocs/Desktop/Program/untitled\ folder/Seizcare
    
    Signing Identity:     "Sign to Run Locally"
    
    /usr/bin/codesign --force --sign - --timestamp\=none --generate-entitlement-der /Users/jasmeengrewal/Library/Developer/Xcode/DerivedData/Seizcare-enmlyewallzphbhfkpfiwqviwkum/Build/Products/Debug-iphonesimulator/Seizcare.app

Validate /Users/jasmeengrewal/Library/Developer/Xcode/DerivedData/Seizcare-enmlyewallzphbhfkpfiwqviwkum/Build/Products/Debug-iphonesimulator/Seizcare.app (in target 'Seizcare' from project 'Seizcare')
    cd /Users/jasmeengrewal/Library/Mobile\ Documents/com\~apple\~CloudDocs/Desktop/Program/untitled\ folder/Seizcare
    builtin-validationUtility /Users/jasmeengrewal/Library/Developer/Xcode/DerivedData/Seizcare-enmlyewallzphbhfkpfiwqviwkum/Build/Products/Debug-iphonesimulator/Seizcare.app -shallow-bundle -infoplist-subpath Info.plist

** BUILD SUCCEEDED **

